2025-09-25 16:25:00 [INFO] - Log message 0 from thread 3
2025-09-25 16:25:00 [ERROR] - Log message 0 from thread 2
2025-09-25 16:25:00 [ERROR] - Log message 0 from thread 5
2025-09-25 16:25:00 [INFO] - Log message 1 from thread 3
2025-09-25 16:25:00 [ERROR] - Log message 1 from thread 2
2025-09-25 16:25:00 [WARNING] - Log message 0 from thread 4
2025-09-25 16:25:00 [INFO] - Log message 2 from thread 3
2025-09-25 16:25:00 [INFO] - Log message 3 from thread 3
2025-09-25 16:25:00 [WARNING] - Log message 0 from thread 1
2025-09-25 16:25:00 [ERROR] - Log message 1 from thread 5
2025-09-25 16:25:00 [ERROR] - Log message 2 from thread 5
2025-09-25 16:25:00 [WARNING] - Log message 1 from thread 4
2025-09-25 16:25:00 [WARNING] - Log message 2 from thread 4
2025-09-25 16:25:00 [ERROR] - Log message 2 from thread 2
2025-09-25 16:25:00 [ERROR] - Log message 3 from thread 2
2025-09-25 16:25:00 [INFO] - Log message 4 from thread 3
2025-09-25 16:25:00 [WARNING] - Log message 1 from thread 1
2025-09-25 16:25:00 [WARNING] - Log message 2 from thread 1
2025-09-25 16:25:00 [INFO] - Log message 0 from thread 6
2025-09-25 16:25:00 [ERROR] - Log message 4 from thread 2
2025-09-25 16:25:00 [INFO] - Log message 1 from thread 6
2025-09-25 16:25:00 [INFO] - Log message 5 from thread 3
2025-09-25 16:25:00 [WARNING] - Log message 3 from thread 1
2025-09-25 16:25:00 [WARNING] - Log message 4 from thread 1
2025-09-25 16:25:00 [WARNING] - Log message 3 from thread 4
2025-09-25 16:25:00 [WARNING] - Log message 4 from thread 4
2025-09-25 16:25:00 [WARNING] - Log message 5 from thread 4
2025-09-25 16:25:00 [INFO] - Log message 2 from thread 6
2025-09-25 16:25:00 [INFO] - Log message 3 from thread 6
2025-09-25 16:25:00 [INFO] - Log message 6 from thread 3
2025-09-25 16:25:00 [INFO] - Log message 7 from thread 3
2025-09-25 16:25:00 [INFO] - Log message 8 from thread 3
2025-09-25 16:25:00 [INFO] - Log message 9 from thread 3
2025-09-25 16:25:00 [WARNING] - Log message 6 from thread 4
2025-09-25 16:25:00 [WARNING] - Log message 7 from thread 4
2025-09-25 16:25:00 [INFO] - Log message 4 from thread 6
2025-09-25 16:25:00 [INFO] - Log message 5 from thread 6
2025-09-25 16:25:00 [INFO] - Log message 6 from thread 6
2025-09-25 16:25:00 [ERROR] - Log message 0 from thread 8
2025-09-25 16:25:00 [ERROR] - Log message 5 from thread 2
2025-09-25 16:25:00 [ERROR] - Log message 1 from thread 8
2025-09-25 16:25:00 [WARNING] - Log message 8 from thread 4
2025-09-25 16:25:00 [WARNING] - Log message 5 from thread 1
2025-09-25 16:25:00 [ERROR] - Log message 3 from thread 5
2025-09-25 16:25:00 [WARNING] - Log message 0 from thread 7
2025-09-25 16:25:00 [ERROR] - Log message 4 from thread 5
2025-09-25 16:25:00 [INFO] - Log message 10 from thread 3
2025-09-25 16:25:00 [ERROR] - Log message 6 from thread 2
2025-09-25 16:25:00 [INFO] - Log message 11 from thread 3
2025-09-25 16:25:00 [WARNING] - Log message 9 from thread 4
2025-09-25 16:25:00 [INFO] - Log message 12 from thread 3
2025-09-25 16:25:00 [INFO] - Log message 13 from thread 3
2025-09-25 16:25:00 [INFO] - Log message 7 from thread 6
2025-09-25 16:25:00 [ERROR] - Log message 5 from thread 5
2025-09-25 16:25:00 [INFO] - Log message 8 from thread 6
2025-09-25 16:25:00 [INFO] - Log message 9 from thread 6
2025-09-25 16:25:00 [WARNING] - Log message 6 from thread 1
2025-09-25 16:25:00 [WARNING] - Log message 7 from thread 1
2025-09-25 16:25:00 [WARNING] - Log message 8 from thread 1
2025-09-25 16:25:00 [WARNING] - Log message 1 from thread 7
2025-09-25 16:25:00 [WARNING] - Log message 2 from thread 7
2025-09-25 16:25:00 [WARNING] - Log message 0 from thread 10
2025-09-25 16:25:00 [INFO] - Log message 14 from thread 3
2025-09-25 16:25:00 [ERROR] - Log message 2 from thread 8
2025-09-25 16:25:00 [INFO] - Log message 0 from thread 9
2025-09-25 16:25:00 [ERROR] - Log message 7 from thread 2
2025-09-25 16:25:00 [ERROR] - Log message 8 from thread 2
2025-09-25 16:25:00 [INFO] - Log message 10 from thread 6
2025-09-25 16:25:00 [WARNING] - Log message 10 from thread 4
2025-09-25 16:25:00 [WARNING] - Log message 11 from thread 4
2025-09-25 16:25:00 [WARNING] - Log message 9 from thread 1
2025-09-25 16:25:00 [WARNING] - Log message 10 from thread 1
2025-09-25 16:25:00 [WARNING] - Log message 11 from thread 1
2025-09-25 16:25:00 [WARNING] - Log message 12 from thread 1
2025-09-25 16:25:00 [INFO] - Log message 15 from thread 3
2025-09-25 16:25:00 [INFO] - Log message 16 from thread 3
2025-09-25 16:25:00 [INFO] - Log message 17 from thread 3
2025-09-25 16:25:00 [INFO] - Log message 18 from thread 3
2025-09-25 16:25:00 [INFO] - Log message 19 from thread 3
2025-09-25 16:25:00 [INFO] - Log message 20 from thread 3
2025-09-25 16:25:00 [INFO] - Log message 11 from thread 6
2025-09-25 16:25:00 [WARNING] - Log message 3 from thread 7
2025-09-25 16:25:00 [INFO] - Log message 12 from thread 6
2025-09-25 16:25:00 [INFO] - Log message 13 from thread 6
2025-09-25 16:25:00 [INFO] - Log message 14 from thread 6
2025-09-25 16:25:00 [INFO] - Log message 15 from thread 6
2025-09-25 16:25:00 [INFO] - Log message 16 from thread 6
2025-09-25 16:25:00 [INFO] - Log message 17 from thread 6
2025-09-25 16:25:00 [ERROR] - Log message 9 from thread 2
2025-09-25 16:25:00 [ERROR] - Log message 10 from thread 2
2025-09-25 16:25:00 [ERROR] - Log message 11 from thread 2
2025-09-25 16:25:00 [ERROR] - Log message 12 from thread 2
2025-09-25 16:25:00 [WARNING] - Log message 4 from thread 7
2025-09-25 16:25:00 [WARNING] - Log message 1 from thread 10
2025-09-25 16:25:00 [WARNING] - Log message 5 from thread 7
2025-09-25 16:25:00 [ERROR] - Log message 6 from thread 5
2025-09-25 16:25:00 [ERROR] - Log message 7 from thread 5
2025-09-25 16:25:00 [ERROR] - Log message 8 from thread 5
2025-09-25 16:25:00 [INFO] - Log message 1 from thread 9
2025-09-25 16:25:00 [INFO] - Log message 2 from thread 9
2025-09-25 16:25:00 [INFO] - Log message 3 from thread 9
2025-09-25 16:25:00 [INFO] - Log message 4 from thread 9
2025-09-25 16:25:00 [INFO] - Log message 5 from thread 9
2025-09-25 16:25:00 [WARNING] - Log message 13 from thread 1
2025-09-25 16:25:00 [WARNING] - Log message 14 from thread 1
2025-09-25 16:25:00 [WARNING] - Log message 15 from thread 1
2025-09-25 16:25:00 [WARNING] - Log message 16 from thread 1
2025-09-25 16:25:00 [ERROR] - Log message 3 from thread 8
2025-09-25 16:25:00 [INFO] - Mensagem da thread principal (main).
2025-09-25 16:25:00 [ERROR] - Log message 4 from thread 8
2025-09-25 16:25:00 [ERROR] - Log message 5 from thread 8
2025-09-25 16:25:00 [INFO] - Log message 18 from thread 6
2025-09-25 16:25:00 [ERROR] - Log message 6 from thread 8
2025-09-25 16:25:00 [INFO] - Log message 21 from thread 3
2025-09-25 16:25:00 [ERROR] - Log message 7 from thread 8
2025-09-25 16:25:00 [INFO] - Log message 22 from thread 3
2025-09-25 16:25:00 [WARNING] - Log message 2 from thread 10
2025-09-25 16:25:00 [INFO] - Log message 23 from thread 3
2025-09-25 16:25:00 [WARNING] - Log message 17 from thread 1
2025-09-25 16:25:00 [WARNING] - Log message 18 from thread 1
2025-09-25 16:25:00 [WARNING] - Log message 19 from thread 1
2025-09-25 16:25:00 [WARNING] - Log message 20 from thread 1
2025-09-25 16:25:00 [ERROR] - Log message 13 from thread 2
2025-09-25 16:25:00 [INFO] - Log message 6 from thread 9
2025-09-25 16:25:00 [INFO] - Log message 7 from thread 9
2025-09-25 16:25:00 [INFO] - Log message 8 from thread 9
2025-09-25 16:25:00 [INFO] - Log message 9 from thread 9
2025-09-25 16:25:00 [INFO] - Log message 10 from thread 9
2025-09-25 16:25:00 [INFO] - Log message 24 from thread 3
2025-09-25 16:25:00 [INFO] - Log message 25 from thread 3
2025-09-25 16:25:00 [ERROR] - Log message 9 from thread 5
2025-09-25 16:25:00 [INFO] - Log message 19 from thread 6
2025-09-25 16:25:00 [INFO] - Log message 20 from thread 6
2025-09-25 16:25:00 [INFO] - Log message 21 from thread 6
2025-09-25 16:25:00 [INFO] - Log message 22 from thread 6
2025-09-25 16:25:00 [INFO] - Log message 23 from thread 6
2025-09-25 16:25:00 [INFO] - Log message 24 from thread 6
2025-09-25 16:25:00 [INFO] - Log message 25 from thread 6
2025-09-25 16:25:00 [ERROR] - Log message 8 from thread 8
2025-09-25 16:25:00 [WARNING] - Log message 6 from thread 7
2025-09-25 16:25:00 [ERROR] - Log message 9 from thread 8
2025-09-25 16:25:00 [ERROR] - Log message 10 from thread 8
2025-09-25 16:25:00 [ERROR] - Log message 11 from thread 8
2025-09-25 16:25:00 [ERROR] - Log message 12 from thread 8
2025-09-25 16:25:00 [INFO] - Log message 26 from thread 3
2025-09-25 16:25:00 [INFO] - Log message 27 from thread 3
2025-09-25 16:25:00 [INFO] - Log message 28 from thread 3
2025-09-25 16:25:00 [INFO] - Log message 29 from thread 3
2025-09-25 16:25:00 [ERROR] - Log message 14 from thread 2
2025-09-25 16:25:00 [INFO] - Log message 26 from thread 6
2025-09-25 16:25:00 [INFO] - Log message 27 from thread 6
2025-09-25 16:25:00 [INFO] - Log message 28 from thread 6
2025-09-25 16:25:00 [INFO] - Log message 29 from thread 6
2025-09-25 16:25:00 [WARNING] - Log message 3 from thread 10
2025-09-25 16:25:00 [INFO] - Log message 11 from thread 9
2025-09-25 16:25:00 [ERROR] - Log message 10 from thread 5
2025-09-25 16:25:00 [INFO] - Log message 12 from thread 9
2025-09-25 16:25:00 [INFO] - Log message 13 from thread 9
2025-09-25 16:25:00 [INFO] - Log message 14 from thread 9
2025-09-25 16:25:00 [INFO] - Log message 15 from thread 9
2025-09-25 16:25:00 [WARNING] - Log message 7 from thread 7
2025-09-25 16:25:00 [WARNING] - Log message 8 from thread 7
2025-09-25 16:25:00 [WARNING] - Log message 9 from thread 7
2025-09-25 16:25:00 [ERROR] - Log message 13 from thread 8
2025-09-25 16:25:00 [WARNING] - Log message 4 from thread 10
2025-09-25 16:25:00 [ERROR] - Log message 14 from thread 8
2025-09-25 16:25:00 [ERROR] - Log message 15 from thread 8
2025-09-25 16:25:00 [ERROR] - Log message 16 from thread 8
2025-09-25 16:25:00 [WARNING] - Log message 21 from thread 1
2025-09-25 16:25:00 [INFO] - Log message 30 from thread 3
2025-09-25 16:25:00 [WARNING] - Log message 22 from thread 1
2025-09-25 16:25:00 [INFO] - Log message 31 from thread 3
2025-09-25 16:25:00 [ERROR] - Log message 15 from thread 2
2025-09-25 16:25:00 [ERROR] - Log message 16 from thread 2
2025-09-25 16:25:00 [INFO] - Log message 16 from thread 9
2025-09-25 16:25:00 [WARNING] - Log message 5 from thread 10
2025-09-25 16:25:00 [INFO] - Log message 17 from thread 9
2025-09-25 16:25:00 [INFO] - Log message 18 from thread 9
2025-09-25 16:25:00 [INFO] - Log message 19 from thread 9
2025-09-25 16:25:00 [WARNING] - Log message 23 from thread 1
2025-09-25 16:25:00 [WARNING] - Log message 24 from thread 1
2025-09-25 16:25:00 [INFO] - Log message 32 from thread 3
2025-09-25 16:25:00 [INFO] - Log message 30 from thread 6
2025-09-25 16:25:00 [INFO] - Log message 31 from thread 6
2025-09-25 16:25:00 [INFO] - Log message 32 from thread 6
2025-09-25 16:25:00 [INFO] - Log message 33 from thread 6
2025-09-25 16:25:00 [WARNING] - Log message 10 from thread 7
2025-09-25 16:25:00 [WARNING] - Log message 11 from thread 7
2025-09-25 16:25:00 [WARNING] - Log message 12 from thread 7
2025-09-25 16:25:00 [WARNING] - Log message 13 from thread 7
2025-09-25 16:25:00 [WARNING] - Log message 14 from thread 7
2025-09-25 16:25:00 [WARNING] - Log message 15 from thread 7
2025-09-25 16:25:00 [WARNING] - Log message 16 from thread 7
2025-09-25 16:25:00 [WARNING] - Log message 17 from thread 7
2025-09-25 16:25:00 [WARNING] - Log message 18 from thread 7
2025-09-25 16:25:00 [WARNING] - Log message 19 from thread 7
2025-09-25 16:25:00 [INFO] - Log message 33 from thread 3
2025-09-25 16:25:00 [INFO] - Log message 34 from thread 3
2025-09-25 16:25:00 [INFO] - Log message 35 from thread 3
2025-09-25 16:25:00 [INFO] - Log message 36 from thread 3
2025-09-25 16:25:00 [INFO] - Log message 37 from thread 3
2025-09-25 16:25:00 [WARNING] - Log message 12 from thread 4
2025-09-25 16:25:00 [WARNING] - Log message 13 from thread 4
2025-09-25 16:25:00 [WARNING] - Log message 14 from thread 4
2025-09-25 16:25:00 [WARNING] - Log message 15 from thread 4
2025-09-25 16:25:00 [WARNING] - Log message 16 from thread 4
2025-09-25 16:25:00 [WARNING] - Log message 25 from thread 1
2025-09-25 16:25:00 [WARNING] - Log message 26 from thread 1
2025-09-25 16:25:00 [ERROR] - Log message 17 from thread 2
2025-09-25 16:25:00 [WARNING] - Log message 27 from thread 1
2025-09-25 16:25:00 [WARNING] - Log message 6 from thread 10
2025-09-25 16:25:00 [WARNING] - Log message 7 from thread 10
2025-09-25 16:25:00 [WARNING] - Log message 8 from thread 10
2025-09-25 16:25:00 [WARNING] - Log message 9 from thread 10
2025-09-25 16:25:00 [WARNING] - Log message 10 from thread 10
2025-09-25 16:25:00 [WARNING] - Log message 11 from thread 10
2025-09-25 16:25:00 [WARNING] - Log message 12 from thread 10
2025-09-25 16:25:00 [WARNING] - Log message 13 from thread 10
2025-09-25 16:25:00 [WARNING] - Log message 14 from thread 10
2025-09-25 16:25:00 [WARNING] - Log message 15 from thread 10
2025-09-25 16:25:00 [WARNING] - Log message 16 from thread 10
2025-09-25 16:25:00 [WARNING] - Log message 20 from thread 7
2025-09-25 16:25:00 [ERROR] - Log message 18 from thread 2
2025-09-25 16:25:00 [WARNING] - Log message 21 from thread 7
2025-09-25 16:25:00 [WARNING] - Log message 22 from thread 7
2025-09-25 16:25:00 [WARNING] - Log message 23 from thread 7
2025-09-25 16:25:00 [WARNING] - Log message 24 from thread 7
2025-09-25 16:25:00 [WARNING] - Log message 25 from thread 7
2025-09-25 16:25:00 [INFO] - Log message 38 from thread 3
2025-09-25 16:25:00 [INFO] - Log message 39 from thread 3
2025-09-25 16:25:00 [INFO] - Log message 40 from thread 3
2025-09-25 16:25:00 [WARNING] - Log message 17 from thread 4
2025-09-25 16:25:00 [WARNING] - Log message 17 from thread 10
2025-09-25 16:25:00 [WARNING] - Log message 18 from thread 10
2025-09-25 16:25:00 [WARNING] - Log message 19 from thread 10
2025-09-25 16:25:00 [WARNING] - Log message 20 from thread 10
2025-09-25 16:25:00 [WARNING] - Log message 21 from thread 10
2025-09-25 16:25:00 [WARNING] - Log message 22 from thread 10
2025-09-25 16:25:00 [WARNING] - Log message 23 from thread 10
2025-09-25 16:25:00 [ERROR] - Log message 11 from thread 5
2025-09-25 16:25:00 [ERROR] - Log message 12 from thread 5
2025-09-25 16:25:00 [ERROR] - Log message 13 from thread 5
2025-09-25 16:25:00 [ERROR] - Log message 14 from thread 5
2025-09-25 16:25:00 [ERROR] - Log message 15 from thread 5
2025-09-25 16:25:00 [INFO] - Log message 20 from thread 9
2025-09-25 16:25:00 [INFO] - Log message 41 from thread 3
2025-09-25 16:25:00 [INFO] - Log message 42 from thread 3
2025-09-25 16:25:00 [INFO] - Log message 43 from thread 3
2025-09-25 16:25:00 [INFO] - Log message 44 from thread 3
2025-09-25 16:25:00 [INFO] - Log message 45 from thread 3
2025-09-25 16:25:00 [INFO] - Log message 46 from thread 3
2025-09-25 16:25:00 [INFO] - Log message 47 from thread 3
2025-09-25 16:25:00 [INFO] - Log message 48 from thread 3
2025-09-25 16:25:00 [INFO] - Log message 49 from thread 3
2025-09-25 16:25:00 [INFO] - Log message 50 from thread 3
2025-09-25 16:25:00 [INFO] - Log message 51 from thread 3
2025-09-25 16:25:00 [INFO] - Log message 52 from thread 3
2025-09-25 16:25:00 [INFO] - Log message 53 from thread 3
2025-09-25 16:25:00 [INFO] - Log message 54 from thread 3
2025-09-25 16:25:00 [WARNING] - Log message 24 from thread 10
2025-09-25 16:25:00 [WARNING] - Log message 25 from thread 10
2025-09-25 16:25:00 [WARNING] - Log message 26 from thread 10
2025-09-25 16:25:00 [ERROR] - Log message 17 from thread 8
2025-09-25 16:25:00 [ERROR] - Log message 16 from thread 5
2025-09-25 16:25:00 [ERROR] - Log message 17 from thread 5
2025-09-25 16:25:00 [ERROR] - Log message 18 from thread 5
2025-09-25 16:25:00 [ERROR] - Log message 19 from thread 5
2025-09-25 16:25:00 [ERROR] - Log message 20 from thread 5
2025-09-25 16:25:00 [WARNING] - Log message 18 from thread 4
2025-09-25 16:25:00 [WARNING] - Log message 19 from thread 4
2025-09-25 16:25:00 [WARNING] - Log message 20 from thread 4
2025-09-25 16:25:00 [INFO] - Log message 34 from thread 6
2025-09-25 16:25:00 [INFO] - Log message 35 from thread 6
2025-09-25 16:25:00 [INFO] - Log message 36 from thread 6
2025-09-25 16:25:00 [INFO] - Log message 55 from thread 3
2025-09-25 16:25:00 [INFO] - Log message 56 from thread 3
2025-09-25 16:25:00 [INFO] - Log message 57 from thread 3
2025-09-25 16:25:00 [INFO] - Log message 58 from thread 3
2025-09-25 16:25:00 [INFO] - Log message 59 from thread 3
2025-09-25 16:25:00 [INFO] - Log message 21 from thread 9
2025-09-25 16:25:00 [ERROR] - Log message 21 from thread 5
2025-09-25 16:25:00 [ERROR] - Log message 22 from thread 5
2025-09-25 16:25:00 [ERROR] - Log message 23 from thread 5
2025-09-25 16:25:00 [ERROR] - Log message 24 from thread 5
2025-09-25 16:25:00 [ERROR] - Log message 25 from thread 5
2025-09-25 16:25:00 [ERROR] - Log message 26 from thread 5
2025-09-25 16:25:00 [ERROR] - Log message 27 from thread 5
2025-09-25 16:25:00 [ERROR] - Log message 28 from thread 5
2025-09-25 16:25:00 [WARNING] - Log message 26 from thread 7
2025-09-25 16:25:00 [WARNING] - Log message 27 from thread 7
2025-09-25 16:25:00 [WARNING] - Log message 28 from thread 7
2025-09-25 16:25:00 [WARNING] - Log message 29 from thread 7
2025-09-25 16:25:00 [INFO] - Log message 60 from thread 3
2025-09-25 16:25:00 [INFO] - Log message 61 from thread 3
2025-09-25 16:25:00 [INFO] - Log message 62 from thread 3
2025-09-25 16:25:00 [INFO] - Log message 22 from thread 9
2025-09-25 16:25:00 [WARNING] - Log message 21 from thread 4
2025-09-25 16:25:00 [INFO] - Log message 23 from thread 9
2025-09-25 16:25:00 [WARNING] - Log message 28 from thread 1
2025-09-25 16:25:00 [ERROR] - Log message 29 from thread 5
2025-09-25 16:25:00 [WARNING] - Log message 29 from thread 1
2025-09-25 16:25:00 [WARNING] - Log message 27 from thread 10
2025-09-25 16:25:00 [WARNING] - Log message 30 from thread 7
2025-09-25 16:25:00 [WARNING] - Log message 28 from thread 10
2025-09-25 16:25:00 [ERROR] - Log message 19 from thread 2
2025-09-25 16:25:00 [WARNING] - Log message 29 from thread 10
2025-09-25 16:25:00 [INFO] - Log message 63 from thread 3
2025-09-25 16:25:00 [INFO] - Log message 24 from thread 9
2025-09-25 16:25:00 [ERROR] - Log message 30 from thread 5
2025-09-25 16:25:00 [INFO] - Log message 25 from thread 9
2025-09-25 16:25:00 [WARNING] - Log message 30 from thread 1
2025-09-25 16:25:00 [WARNING] - Log message 31 from thread 7
2025-09-25 16:25:00 [WARNING] - Log message 32 from thread 7
2025-09-25 16:25:00 [WARNING] - Log message 33 from thread 7
2025-09-25 16:25:00 [WARNING] - Log message 34 from thread 7
2025-09-25 16:25:00 [WARNING] - Log message 30 from thread 10
2025-09-25 16:25:00 [INFO] - Log message 64 from thread 3
2025-09-25 16:25:00 [INFO] - Log message 65 from thread 3
2025-09-25 16:25:00 [ERROR] - Log message 31 from thread 5
2025-09-25 16:25:00 [ERROR] - Log message 32 from thread 5
2025-09-25 16:25:00 [ERROR] - Log message 33 from thread 5
2025-09-25 16:25:00 [ERROR] - Log message 34 from thread 5
2025-09-25 16:25:00 [ERROR] - Log message 18 from thread 8
2025-09-25 16:25:00 [ERROR] - Log message 19 from thread 8
2025-09-25 16:25:00 [ERROR] - Log message 20 from thread 8
2025-09-25 16:25:00 [ERROR] - Log message 21 from thread 8
2025-09-25 16:25:00 [ERROR] - Log message 22 from thread 8
2025-09-25 16:25:00 [ERROR] - Log message 23 from thread 8
2025-09-25 16:25:00 [WARNING] - Log message 31 from thread 10
2025-09-25 16:25:00 [INFO] - Log message 37 from thread 6
2025-09-25 16:25:00 [WARNING] - Log message 32 from thread 10
2025-09-25 16:25:00 [INFO] - Log message 38 from thread 6
2025-09-25 16:25:00 [INFO] - Log message 39 from thread 6
2025-09-25 16:25:00 [ERROR] - Log message 35 from thread 5
2025-09-25 16:25:00 [INFO] - Log message 40 from thread 6
2025-09-25 16:25:00 [ERROR] - Log message 36 from thread 5
2025-09-25 16:25:00 [ERROR] - Log message 37 from thread 5
2025-09-25 16:25:00 [ERROR] - Log message 38 from thread 5
2025-09-25 16:25:00 [ERROR] - Log message 39 from thread 5
2025-09-25 16:25:00 [ERROR] - Log message 40 from thread 5
2025-09-25 16:25:00 [ERROR] - Log message 41 from thread 5
2025-09-25 16:25:00 [ERROR] - Log message 42 from thread 5
2025-09-25 16:25:00 [ERROR] - Log message 43 from thread 5
2025-09-25 16:25:00 [ERROR] - Log message 44 from thread 5
2025-09-25 16:25:00 [INFO] - Log message 26 from thread 9
2025-09-25 16:25:00 [WARNING] - Log message 31 from thread 1
2025-09-25 16:25:00 [WARNING] - Log message 32 from thread 1
2025-09-25 16:25:00 [INFO] - Log message 41 from thread 6
2025-09-25 16:25:00 [ERROR] - Log message 20 from thread 2
2025-09-25 16:25:00 [INFO] - Log message 42 from thread 6
2025-09-25 16:25:00 [WARNING] - Log message 22 from thread 4
2025-09-25 16:25:00 [INFO] - Log message 43 from thread 6
2025-09-25 16:25:00 [WARNING] - Log message 23 from thread 4
2025-09-25 16:25:00 [WARNING] - Log message 24 from thread 4
2025-09-25 16:25:00 [WARNING] - Log message 33 from thread 10
2025-09-25 16:25:00 [WARNING] - Log message 25 from thread 4
2025-09-25 16:25:00 [WARNING] - Log message 26 from thread 4
2025-09-25 16:25:00 [INFO] - Log message 27 from thread 9
2025-09-25 16:25:00 [ERROR] - Log message 21 from thread 2
2025-09-25 16:25:00 [INFO] - Log message 28 from thread 9
2025-09-25 16:25:00 [INFO] - Log message 29 from thread 9
2025-09-25 16:25:00 [INFO] - Log message 30 from thread 9
2025-09-25 16:25:00 [INFO] - Log message 44 from thread 6
2025-09-25 16:25:00 [INFO] - Log message 66 from thread 3
2025-09-25 16:25:00 [WARNING] - Log message 34 from thread 10
2025-09-25 16:25:00 [INFO] - Log message 67 from thread 3
2025-09-25 16:25:00 [INFO] - Log message 68 from thread 3
2025-09-25 16:25:00 [INFO] - Log message 69 from thread 3
2025-09-25 16:25:00 [INFO] - Log message 70 from thread 3
2025-09-25 16:25:00 [INFO] - Log message 71 from thread 3
2025-09-25 16:25:00 [INFO] - Log message 72 from thread 3
2025-09-25 16:25:00 [INFO] - Log message 31 from thread 9
2025-09-25 16:25:00 [INFO] - Log message 45 from thread 6
2025-09-25 16:25:00 [INFO] - Log message 32 from thread 9
2025-09-25 16:25:00 [INFO] - Log message 46 from thread 6
2025-09-25 16:25:00 [INFO] - Log message 33 from thread 9
2025-09-25 16:25:00 [ERROR] - Log message 22 from thread 2
2025-09-25 16:25:00 [ERROR] - Log message 23 from thread 2
2025-09-25 16:25:00 [WARNING] - Log message 35 from thread 7
2025-09-25 16:25:00 [INFO] - Log message 73 from thread 3
2025-09-25 16:25:00 [WARNING] - Log message 36 from thread 7
2025-09-25 16:25:00 [INFO] - Log message 74 from thread 3
2025-09-25 16:25:00 [ERROR] - Log message 45 from thread 5
2025-09-25 16:25:00 [ERROR] - Log message 46 from thread 5
2025-09-25 16:25:00 [INFO] - Log message 47 from thread 6
2025-09-25 16:25:00 [WARNING] - Log message 33 from thread 1
2025-09-25 16:25:00 [WARNING] - Log message 34 from thread 1
2025-09-25 16:25:00 [WARNING] - Log message 35 from thread 1
2025-09-25 16:25:00 [INFO] - Log message 34 from thread 9
2025-09-25 16:25:00 [ERROR] - Log message 24 from thread 2
2025-09-25 16:25:00 [ERROR] - Log message 25 from thread 2
2025-09-25 16:25:00 [ERROR] - Log message 26 from thread 2
2025-09-25 16:25:00 [ERROR] - Log message 27 from thread 2
2025-09-25 16:25:00 [INFO] - Log message 75 from thread 3
2025-09-25 16:25:00 [WARNING] - Log message 27 from thread 4
2025-09-25 16:25:00 [WARNING] - Log message 28 from thread 4
2025-09-25 16:25:00 [WARNING] - Log message 37 from thread 7
2025-09-25 16:25:00 [ERROR] - Log message 47 from thread 5
2025-09-25 16:25:00 [ERROR] - Log message 48 from thread 5
2025-09-25 16:25:00 [ERROR] - Log message 49 from thread 5
2025-09-25 16:25:00 [ERROR] - Log message 50 from thread 5
2025-09-25 16:25:00 [INFO] - Log message 35 from thread 9
2025-09-25 16:25:00 [ERROR] - Log message 24 from thread 8
2025-09-25 16:25:00 [INFO] - Log message 36 from thread 9
2025-09-25 16:25:00 [ERROR] - Log message 25 from thread 8
2025-09-25 16:25:00 [INFO] - Log message 37 from thread 9
2025-09-25 16:25:00 [INFO] - Log message 38 from thread 9
2025-09-25 16:25:00 [INFO] - Log message 39 from thread 9
2025-09-25 16:25:00 [INFO] - Log message 40 from thread 9
2025-09-25 16:25:00 [INFO] - Log message 41 from thread 9
2025-09-25 16:25:00 [INFO] - Log message 42 from thread 9
2025-09-25 16:25:00 [INFO] - Log message 43 from thread 9
2025-09-25 16:25:00 [INFO] - Log message 44 from thread 9
2025-09-25 16:25:00 [ERROR] - Log message 28 from thread 2
2025-09-25 16:25:00 [ERROR] - Log message 29 from thread 2
2025-09-25 16:25:00 [ERROR] - Log message 30 from thread 2
2025-09-25 16:25:00 [ERROR] - Log message 31 from thread 2
2025-09-25 16:25:00 [ERROR] - Log message 32 from thread 2
2025-09-25 16:25:00 [WARNING] - Log message 29 from thread 4
2025-09-25 16:25:00 [WARNING] - Log message 30 from thread 4
2025-09-25 16:25:00 [WARNING] - Log message 31 from thread 4
2025-09-25 16:25:00 [INFO] - Log message 48 from thread 6
2025-09-25 16:25:00 [ERROR] - Log message 51 from thread 5
2025-09-25 16:25:00 [ERROR] - Log message 52 from thread 5
2025-09-25 16:25:00 [ERROR] - Log message 53 from thread 5
2025-09-25 16:25:00 [ERROR] - Log message 54 from thread 5
2025-09-25 16:25:00 [ERROR] - Log message 55 from thread 5
2025-09-25 16:25:00 [ERROR] - Log message 56 from thread 5
2025-09-25 16:25:00 [INFO] - Log message 76 from thread 3
2025-09-25 16:25:00 [ERROR] - Log message 33 from thread 2
2025-09-25 16:25:00 [ERROR] - Log message 34 from thread 2
2025-09-25 16:25:00 [ERROR] - Log message 35 from thread 2
2025-09-25 16:25:00 [ERROR] - Log message 36 from thread 2
2025-09-25 16:25:00 [ERROR] - Log message 37 from thread 2
2025-09-25 16:25:00 [ERROR] - Log message 38 from thread 2
2025-09-25 16:25:00 [WARNING] - Log message 36 from thread 1
2025-09-25 16:25:00 [INFO] - Log message 49 from thread 6
2025-09-25 16:25:00 [INFO] - Log message 50 from thread 6
2025-09-25 16:25:00 [INFO] - Log message 51 from thread 6
2025-09-25 16:25:00 [INFO] - Log message 45 from thread 9
2025-09-25 16:25:00 [ERROR] - Log message 26 from thread 8
2025-09-25 16:25:00 [ERROR] - Log message 27 from thread 8
2025-09-25 16:25:00 [ERROR] - Log message 28 from thread 8
2025-09-25 16:25:00 [ERROR] - Log message 29 from thread 8
2025-09-25 16:25:00 [ERROR] - Log message 30 from thread 8
2025-09-25 16:25:00 [ERROR] - Log message 31 from thread 8
2025-09-25 16:25:00 [ERROR] - Log message 32 from thread 8
2025-09-25 16:25:00 [ERROR] - Log message 33 from thread 8
2025-09-25 16:25:00 [ERROR] - Log message 34 from thread 8
2025-09-25 16:25:00 [ERROR] - Log message 35 from thread 8
2025-09-25 16:25:00 [ERROR] - Log message 36 from thread 8
2025-09-25 16:25:00 [WARNING] - Log message 35 from thread 10
2025-09-25 16:25:00 [WARNING] - Log message 36 from thread 10
2025-09-25 16:25:00 [INFO] - Log message 52 from thread 6
2025-09-25 16:25:00 [ERROR] - Log message 57 from thread 5
2025-09-25 16:25:00 [ERROR] - Log message 58 from thread 5
2025-09-25 16:25:00 [ERROR] - Log message 59 from thread 5
2025-09-25 16:25:00 [ERROR] - Log message 60 from thread 5
2025-09-25 16:25:00 [ERROR] - Log message 61 from thread 5
2025-09-25 16:25:00 [ERROR] - Log message 62 from thread 5
2025-09-25 16:25:00 [WARNING] - Log message 38 from thread 7
2025-09-25 16:25:00 [WARNING] - Log message 32 from thread 4
2025-09-25 16:25:00 [WARNING] - Log message 33 from thread 4
2025-09-25 16:25:00 [ERROR] - Log message 39 from thread 2
2025-09-25 16:25:00 [ERROR] - Log message 40 from thread 2
2025-09-25 16:25:00 [ERROR] - Log message 41 from thread 2
2025-09-25 16:25:00 [ERROR] - Log message 42 from thread 2
2025-09-25 16:25:00 [ERROR] - Log message 43 from thread 2
2025-09-25 16:25:00 [ERROR] - Log message 44 from thread 2
2025-09-25 16:25:00 [INFO] - Log message 46 from thread 9
2025-09-25 16:25:00 [ERROR] - Log message 45 from thread 2
2025-09-25 16:25:00 [INFO] - Log message 77 from thread 3
2025-09-25 16:25:00 [INFO] - Log message 78 from thread 3
2025-09-25 16:25:00 [INFO] - Log message 79 from thread 3
2025-09-25 16:25:00 [INFO] - Log message 80 from thread 3
2025-09-25 16:25:00 [INFO] - Log message 81 from thread 3
2025-09-25 16:25:00 [INFO] - Log message 82 from thread 3
2025-09-25 16:25:00 [INFO] - Log message 83 from thread 3
2025-09-25 16:25:00 [INFO] - Log message 84 from thread 3
2025-09-25 16:25:00 [INFO] - Log message 85 from thread 3
2025-09-25 16:25:00 [INFO] - Log message 86 from thread 3
2025-09-25 16:25:00 [INFO] - Log message 47 from thread 9
2025-09-25 16:25:00 [ERROR] - Log message 63 from thread 5
2025-09-25 16:25:00 [INFO] - Log message 48 from thread 9
2025-09-25 16:25:00 [WARNING] - Log message 39 from thread 7
2025-09-25 16:25:00 [WARNING] - Log message 34 from thread 4
2025-09-25 16:25:00 [WARNING] - Log message 40 from thread 7
2025-09-25 16:25:00 [WARNING] - Log message 35 from thread 4
2025-09-25 16:25:00 [WARNING] - Log message 37 from thread 10
2025-09-25 16:25:00 [ERROR] - Log message 46 from thread 2
2025-09-25 16:25:00 [ERROR] - Log message 47 from thread 2
2025-09-25 16:25:00 [INFO] - Log message 87 from thread 3
2025-09-25 16:25:00 [INFO] - Log message 88 from thread 3
2025-09-25 16:25:00 [INFO] - Log message 89 from thread 3
2025-09-25 16:25:00 [INFO] - Log message 90 from thread 3
2025-09-25 16:25:00 [ERROR] - Log message 37 from thread 8
2025-09-25 16:25:00 [ERROR] - Log message 38 from thread 8
2025-09-25 16:25:00 [WARNING] - Log message 41 from thread 7
2025-09-25 16:25:00 [WARNING] - Log message 42 from thread 7
2025-09-25 16:25:00 [WARNING] - Log message 43 from thread 7
2025-09-25 16:25:00 [WARNING] - Log message 44 from thread 7
2025-09-25 16:25:00 [WARNING] - Log message 38 from thread 10
2025-09-25 16:25:00 [WARNING] - Log message 39 from thread 10
2025-09-25 16:25:00 [WARNING] - Log message 40 from thread 10
2025-09-25 16:25:00 [WARNING] - Log message 41 from thread 10
2025-09-25 16:25:00 [INFO] - Log message 49 from thread 9
2025-09-25 16:25:00 [WARNING] - Log message 37 from thread 1
2025-09-25 16:25:00 [INFO] - Log message 50 from thread 9
2025-09-25 16:25:00 [INFO] - Log message 91 from thread 3
2025-09-25 16:25:00 [ERROR] - Log message 39 from thread 8
2025-09-25 16:25:00 [INFO] - Log message 92 from thread 3
2025-09-25 16:25:00 [INFO] - Log message 53 from thread 6
2025-09-25 16:25:00 [ERROR] - Log message 48 from thread 2
2025-09-25 16:25:00 [ERROR] - Log message 49 from thread 2
2025-09-25 16:25:00 [ERROR] - Log message 50 from thread 2
2025-09-25 16:25:00 [WARNING] - Log message 42 from thread 10
2025-09-25 16:25:00 [WARNING] - Log message 38 from thread 1
2025-09-25 16:25:00 [WARNING] - Log message 39 from thread 1
2025-09-25 16:25:00 [INFO] - Log message 51 from thread 9
2025-09-25 16:25:00 [ERROR] - Log message 40 from thread 8
2025-09-25 16:25:00 [ERROR] - Log message 41 from thread 8
2025-09-25 16:25:00 [WARNING] - Log message 36 from thread 4
2025-09-25 16:25:00 [INFO] - Log message 93 from thread 3
2025-09-25 16:25:00 [INFO] - Log message 94 from thread 3
2025-09-25 16:25:00 [INFO] - Log message 95 from thread 3
2025-09-25 16:25:00 [INFO] - Log message 96 from thread 3
2025-09-25 16:25:00 [INFO] - Log message 97 from thread 3
2025-09-25 16:25:00 [INFO] - Log message 98 from thread 3
2025-09-25 16:25:00 [INFO] - Log message 99 from thread 3
2025-09-25 16:25:00 [INFO] - Log message 52 from thread 9
2025-09-25 16:25:00 [ERROR] - Log message 42 from thread 8
2025-09-25 16:25:00 [ERROR] - Log message 43 from thread 8
2025-09-25 16:25:00 [WARNING] - Log message 37 from thread 4
2025-09-25 16:25:00 [ERROR] - Log message 44 from thread 8
2025-09-25 16:25:00 [INFO] - Log message 54 from thread 6
2025-09-25 16:25:00 [ERROR] - Log message 64 from thread 5
2025-09-25 16:25:00 [WARNING] - Log message 43 from thread 10
2025-09-25 16:25:00 [ERROR] - Log message 65 from thread 5
2025-09-25 16:25:00 [WARNING] - Log message 40 from thread 1
2025-09-25 16:25:00 [WARNING] - Log message 45 from thread 7
2025-09-25 16:25:00 [WARNING] - Log message 46 from thread 7
2025-09-25 16:25:00 [WARNING] - Log message 47 from thread 7
2025-09-25 16:25:00 [ERROR] - Log message 45 from thread 8
2025-09-25 16:25:00 [ERROR] - Log message 46 from thread 8
2025-09-25 16:25:00 [ERROR] - Log message 47 from thread 8
2025-09-25 16:25:00 [INFO] - Log message 55 from thread 6
2025-09-25 16:25:00 [WARNING] - Log message 44 from thread 10
2025-09-25 16:25:00 [WARNING] - Log message 45 from thread 10
2025-09-25 16:25:00 [ERROR] - Log message 66 from thread 5
2025-09-25 16:25:00 [ERROR] - Log message 67 from thread 5
2025-09-25 16:25:00 [ERROR] - Log message 68 from thread 5
2025-09-25 16:25:00 [ERROR] - Log message 69 from thread 5
2025-09-25 16:25:00 [WARNING] - Log message 41 from thread 1
2025-09-25 16:25:00 [WARNING] - Log message 42 from thread 1
2025-09-25 16:25:00 [WARNING] - Log message 38 from thread 4
2025-09-25 16:25:00 [WARNING] - Log message 43 from thread 1
2025-09-25 16:25:00 [WARNING] - Log message 48 from thread 7
2025-09-25 16:25:00 [INFO] - Log message 56 from thread 6
2025-09-25 16:25:00 [WARNING] - Log message 46 from thread 10
2025-09-25 16:25:00 [INFO] - Log message 57 from thread 6
2025-09-25 16:25:00 [INFO] - Log message 53 from thread 9
2025-09-25 16:25:00 [WARNING] - Log message 39 from thread 4
2025-09-25 16:25:00 [INFO] - Log message 54 from thread 9
2025-09-25 16:25:00 [INFO] - Log message 55 from thread 9
2025-09-25 16:25:00 [INFO] - Log message 56 from thread 9
2025-09-25 16:25:00 [WARNING] - Log message 49 from thread 7
2025-09-25 16:25:00 [WARNING] - Log message 50 from thread 7
2025-09-25 16:25:00 [WARNING] - Log message 51 from thread 7
2025-09-25 16:25:00 [WARNING] - Log message 52 from thread 7
2025-09-25 16:25:00 [WARNING] - Log message 53 from thread 7
2025-09-25 16:25:00 [WARNING] - Log message 44 from thread 1
2025-09-25 16:25:00 [WARNING] - Log message 54 from thread 7
2025-09-25 16:25:00 [WARNING] - Log message 45 from thread 1
2025-09-25 16:25:00 [ERROR] - Log message 51 from thread 2
2025-09-25 16:25:00 [WARNING] - Log message 47 from thread 10
2025-09-25 16:25:00 [WARNING] - Log message 48 from thread 10
2025-09-25 16:25:00 [INFO] - Log message 58 from thread 6
2025-09-25 16:25:00 [WARNING] - Log message 40 from thread 4
2025-09-25 16:25:00 [INFO] - Log message 59 from thread 6
2025-09-25 16:25:00 [WARNING] - Log message 55 from thread 7
2025-09-25 16:25:00 [INFO] - Log message 60 from thread 6
2025-09-25 16:25:00 [WARNING] - Log message 56 from thread 7
2025-09-25 16:25:00 [INFO] - Log message 61 from thread 6
2025-09-25 16:25:00 [WARNING] - Log message 57 from thread 7
2025-09-25 16:25:00 [INFO] - Log message 62 from thread 6
2025-09-25 16:25:00 [WARNING] - Log message 58 from thread 7
2025-09-25 16:25:00 [INFO] - Log message 63 from thread 6
2025-09-25 16:25:00 [INFO] - Log message 64 from thread 6
2025-09-25 16:25:00 [INFO] - Log message 65 from thread 6
2025-09-25 16:25:00 [INFO] - Log message 66 from thread 6
2025-09-25 16:25:00 [INFO] - Log message 67 from thread 6
2025-09-25 16:25:00 [INFO] - Log message 68 from thread 6
2025-09-25 16:25:00 [INFO] - Log message 69 from thread 6
2025-09-25 16:25:00 [INFO] - Log message 70 from thread 6
2025-09-25 16:25:00 [INFO] - Log message 71 from thread 6
2025-09-25 16:25:00 [INFO] - Log message 72 from thread 6
2025-09-25 16:25:00 [INFO] - Log message 73 from thread 6
2025-09-25 16:25:00 [INFO] - Log message 74 from thread 6
2025-09-25 16:25:00 [INFO] - Log message 75 from thread 6
2025-09-25 16:25:00 [INFO] - Log message 76 from thread 6
2025-09-25 16:25:00 [INFO] - Log message 57 from thread 9
2025-09-25 16:25:00 [ERROR] - Log message 52 from thread 2
2025-09-25 16:25:00 [WARNING] - Log message 49 from thread 10
2025-09-25 16:25:00 [WARNING] - Log message 41 from thread 4
2025-09-25 16:25:00 [WARNING] - Log message 50 from thread 10
2025-09-25 16:25:00 [WARNING] - Log message 42 from thread 4
2025-09-25 16:25:00 [WARNING] - Log message 51 from thread 10
2025-09-25 16:25:00 [WARNING] - Log message 52 from thread 10
2025-09-25 16:25:00 [WARNING] - Log message 53 from thread 10
2025-09-25 16:25:00 [WARNING] - Log message 54 from thread 10
2025-09-25 16:25:00 [WARNING] - Log message 46 from thread 1
2025-09-25 16:25:00 [WARNING] - Log message 47 from thread 1
2025-09-25 16:25:00 [WARNING] - Log message 48 from thread 1
2025-09-25 16:25:00 [WARNING] - Log message 49 from thread 1
2025-09-25 16:25:00 [WARNING] - Log message 50 from thread 1
2025-09-25 16:25:00 [WARNING] - Log message 51 from thread 1
2025-09-25 16:25:00 [ERROR] - Log message 53 from thread 2
2025-09-25 16:25:00 [WARNING] - Log message 59 from thread 7
2025-09-25 16:25:00 [WARNING] - Log message 60 from thread 7
2025-09-25 16:25:00 [WARNING] - Log message 61 from thread 7
2025-09-25 16:25:00 [WARNING] - Log message 62 from thread 7
2025-09-25 16:25:00 [ERROR] - Log message 48 from thread 8
2025-09-25 16:25:00 [WARNING] - Log message 55 from thread 10
2025-09-25 16:25:00 [INFO] - Log message 77 from thread 6
2025-09-25 16:25:00 [INFO] - Log message 78 from thread 6
2025-09-25 16:25:00 [INFO] - Log message 58 from thread 9
2025-09-25 16:25:00 [WARNING] - Log message 52 from thread 1
2025-09-25 16:25:00 [ERROR] - Log message 54 from thread 2
2025-09-25 16:25:00 [WARNING] - Log message 53 from thread 1
2025-09-25 16:25:00 [ERROR] - Log message 55 from thread 2
2025-09-25 16:25:00 [WARNING] - Log message 54 from thread 1
2025-09-25 16:25:00 [ERROR] - Log message 49 from thread 8
2025-09-25 16:25:00 [WARNING] - Log message 55 from thread 1
2025-09-25 16:25:00 [ERROR] - Log message 50 from thread 8
2025-09-25 16:25:00 [ERROR] - Log message 51 from thread 8
2025-09-25 16:25:00 [INFO] - Log message 59 from thread 9
2025-09-25 16:25:00 [ERROR] - Log message 70 from thread 5
2025-09-25 16:25:00 [ERROR] - Log message 71 from thread 5
2025-09-25 16:25:00 [ERROR] - Log message 72 from thread 5
2025-09-25 16:25:00 [ERROR] - Log message 56 from thread 2
2025-09-25 16:25:00 [WARNING] - Log message 56 from thread 10
2025-09-25 16:25:00 [WARNING] - Log message 57 from thread 10
2025-09-25 16:25:00 [INFO] - Log message 79 from thread 6
2025-09-25 16:25:00 [INFO] - Log message 80 from thread 6
2025-09-25 16:25:00 [WARNING] - Log message 43 from thread 4
2025-09-25 16:25:00 [ERROR] - Log message 52 from thread 8
2025-09-25 16:25:00 [WARNING] - Log message 44 from thread 4
2025-09-25 16:25:00 [WARNING] - Log message 45 from thread 4
2025-09-25 16:25:00 [WARNING] - Log message 46 from thread 4
2025-09-25 16:25:00 [WARNING] - Log message 47 from thread 4
2025-09-25 16:25:00 [ERROR] - Log message 57 from thread 2
2025-09-25 16:25:00 [WARNING] - Log message 58 from thread 10
2025-09-25 16:25:00 [ERROR] - Log message 58 from thread 2
2025-09-25 16:25:00 [ERROR] - Log message 59 from thread 2
2025-09-25 16:25:00 [ERROR] - Log message 60 from thread 2
2025-09-25 16:25:00 [INFO] - Log message 60 from thread 9
2025-09-25 16:25:00 [WARNING] - Log message 63 from thread 7
2025-09-25 16:25:00 [ERROR] - Log message 73 from thread 5
2025-09-25 16:25:00 [WARNING] - Log message 48 from thread 4
2025-09-25 16:25:00 [ERROR] - Log message 74 from thread 5
2025-09-25 16:25:00 [ERROR] - Log message 75 from thread 5
2025-09-25 16:25:00 [ERROR] - Log message 76 from thread 5
2025-09-25 16:25:00 [ERROR] - Log message 77 from thread 5
2025-09-25 16:25:00 [ERROR] - Log message 78 from thread 5
2025-09-25 16:25:00 [ERROR] - Log message 79 from thread 5
2025-09-25 16:25:00 [INFO] - Log message 61 from thread 9
2025-09-25 16:25:00 [WARNING] - Log message 64 from thread 7
2025-09-25 16:25:00 [WARNING] - Log message 65 from thread 7
2025-09-25 16:25:00 [WARNING] - Log message 66 from thread 7
2025-09-25 16:25:00 [WARNING] - Log message 59 from thread 10
2025-09-25 16:25:00 [WARNING] - Log message 60 from thread 10
2025-09-25 16:25:00 [WARNING] - Log message 61 from thread 10
2025-09-25 16:25:00 [WARNING] - Log message 62 from thread 10
2025-09-25 16:25:00 [WARNING] - Log message 63 from thread 10
2025-09-25 16:25:00 [ERROR] - Log message 53 from thread 8
2025-09-25 16:25:00 [ERROR] - Log message 61 from thread 2
2025-09-25 16:25:00 [ERROR] - Log message 54 from thread 8
2025-09-25 16:25:00 [INFO] - Log message 62 from thread 9
2025-09-25 16:25:00 [WARNING] - Log message 67 from thread 7
2025-09-25 16:25:00 [WARNING] - Log message 68 from thread 7
2025-09-25 16:25:00 [WARNING] - Log message 69 from thread 7
2025-09-25 16:25:00 [INFO] - Log message 81 from thread 6
2025-09-25 16:25:00 [WARNING] - Log message 64 from thread 10
2025-09-25 16:25:00 [INFO] - Log message 82 from thread 6
2025-09-25 16:25:00 [INFO] - Log message 83 from thread 6
2025-09-25 16:25:00 [INFO] - Log message 84 from thread 6
2025-09-25 16:25:00 [INFO] - Log message 85 from thread 6
2025-09-25 16:25:00 [INFO] - Log message 86 from thread 6
2025-09-25 16:25:00 [INFO] - Log message 63 from thread 9
2025-09-25 16:25:00 [WARNING] - Log message 56 from thread 1
2025-09-25 16:25:00 [INFO] - Log message 64 from thread 9
2025-09-25 16:25:00 [INFO] - Log message 65 from thread 9
2025-09-25 16:25:00 [ERROR] - Log message 62 from thread 2
2025-09-25 16:25:00 [ERROR] - Log message 63 from thread 2
2025-09-25 16:25:00 [ERROR] - Log message 80 from thread 5
2025-09-25 16:25:00 [ERROR] - Log message 55 from thread 8
2025-09-25 16:25:00 [ERROR] - Log message 56 from thread 8
2025-09-25 16:25:00 [WARNING] - Log message 49 from thread 4
2025-09-25 16:25:00 [INFO] - Log message 87 from thread 6
2025-09-25 16:25:00 [WARNING] - Log message 57 from thread 1
2025-09-25 16:25:00 [INFO] - Log message 88 from thread 6
2025-09-25 16:25:00 [WARNING] - Log message 58 from thread 1
2025-09-25 16:25:00 [INFO] - Log message 89 from thread 6
2025-09-25 16:25:00 [INFO] - Log message 90 from thread 6
2025-09-25 16:25:00 [INFO] - Log message 91 from thread 6
2025-09-25 16:25:00 [INFO] - Log message 92 from thread 6
2025-09-25 16:25:00 [INFO] - Log message 93 from thread 6
2025-09-25 16:25:00 [INFO] - Log message 94 from thread 6
2025-09-25 16:25:00 [INFO] - Log message 95 from thread 6
2025-09-25 16:25:00 [WARNING] - Log message 59 from thread 1
2025-09-25 16:25:00 [WARNING] - Log message 60 from thread 1
2025-09-25 16:25:00 [ERROR] - Log message 64 from thread 2
2025-09-25 16:25:00 [ERROR] - Log message 65 from thread 2
2025-09-25 16:25:00 [ERROR] - Log message 66 from thread 2
2025-09-25 16:25:00 [ERROR] - Log message 67 from thread 2
2025-09-25 16:25:00 [ERROR] - Log message 68 from thread 2
2025-09-25 16:25:00 [ERROR] - Log message 69 from thread 2
2025-09-25 16:25:00 [ERROR] - Log message 70 from thread 2
2025-09-25 16:25:00 [ERROR] - Log message 71 from thread 2
2025-09-25 16:25:00 [WARNING] - Log message 50 from thread 4
2025-09-25 16:25:00 [WARNING] - Log message 70 from thread 7
2025-09-25 16:25:00 [WARNING] - Log message 51 from thread 4
2025-09-25 16:25:00 [WARNING] - Log message 52 from thread 4
2025-09-25 16:25:00 [WARNING] - Log message 53 from thread 4
2025-09-25 16:25:00 [WARNING] - Log message 54 from thread 4
2025-09-25 16:25:00 [WARNING] - Log message 55 from thread 4
2025-09-25 16:25:00 [WARNING] - Log message 56 from thread 4
2025-09-25 16:25:00 [ERROR] - Log message 81 from thread 5
2025-09-25 16:25:00 [ERROR] - Log message 72 from thread 2
2025-09-25 16:25:00 [ERROR] - Log message 82 from thread 5
2025-09-25 16:25:00 [ERROR] - Log message 83 from thread 5
2025-09-25 16:25:00 [ERROR] - Log message 84 from thread 5
2025-09-25 16:25:00 [INFO] - Log message 96 from thread 6
2025-09-25 16:25:00 [WARNING] - Log message 61 from thread 1
2025-09-25 16:25:00 [INFO] - Log message 97 from thread 6
2025-09-25 16:25:00 [INFO] - Log message 66 from thread 9
2025-09-25 16:25:00 [ERROR] - Log message 57 from thread 8
2025-09-25 16:25:00 [ERROR] - Log message 58 from thread 8
2025-09-25 16:25:00 [ERROR] - Log message 73 from thread 2
2025-09-25 16:25:00 [WARNING] - Log message 71 from thread 7
2025-09-25 16:25:00 [WARNING] - Log message 72 from thread 7
2025-09-25 16:25:00 [WARNING] - Log message 73 from thread 7
2025-09-25 16:25:00 [WARNING] - Log message 74 from thread 7
2025-09-25 16:25:00 [WARNING] - Log message 75 from thread 7
2025-09-25 16:25:00 [WARNING] - Log message 76 from thread 7
2025-09-25 16:25:00 [WARNING] - Log message 77 from thread 7
2025-09-25 16:25:00 [INFO] - Log message 98 from thread 6
2025-09-25 16:25:00 [WARNING] - Log message 57 from thread 4
2025-09-25 16:25:00 [ERROR] - Log message 59 from thread 8
2025-09-25 16:25:00 [WARNING] - Log message 58 from thread 4
2025-09-25 16:25:00 [INFO] - Log message 67 from thread 9
2025-09-25 16:25:00 [WARNING] - Log message 65 from thread 10
2025-09-25 16:25:00 [ERROR] - Log message 85 from thread 5
2025-09-25 16:25:00 [WARNING] - Log message 66 from thread 10
2025-09-25 16:25:00 [WARNING] - Log message 78 from thread 7
2025-09-25 16:25:00 [WARNING] - Log message 79 from thread 7
2025-09-25 16:25:00 [INFO] - Log message 99 from thread 6
2025-09-25 16:25:00 [ERROR] - Log message 60 from thread 8
2025-09-25 16:25:00 [ERROR] - Log message 61 from thread 8
2025-09-25 16:25:00 [ERROR] - Log message 74 from thread 2
2025-09-25 16:25:00 [ERROR] - Log message 75 from thread 2
2025-09-25 16:25:00 [INFO] - Log message 68 from thread 9
2025-09-25 16:25:00 [ERROR] - Log message 86 from thread 5
2025-09-25 16:25:00 [ERROR] - Log message 87 from thread 5
2025-09-25 16:25:00 [ERROR] - Log message 88 from thread 5
2025-09-25 16:25:00 [WARNING] - Log message 67 from thread 10
2025-09-25 16:25:00 [WARNING] - Log message 80 from thread 7
2025-09-25 16:25:00 [WARNING] - Log message 68 from thread 10
2025-09-25 16:25:00 [WARNING] - Log message 69 from thread 10
2025-09-25 16:25:00 [WARNING] - Log message 70 from thread 10
2025-09-25 16:25:00 [WARNING] - Log message 71 from thread 10
2025-09-25 16:25:00 [INFO] - Log message 69 from thread 9
2025-09-25 16:25:00 [WARNING] - Log message 62 from thread 1
2025-09-25 16:25:00 [WARNING] - Log message 63 from thread 1
2025-09-25 16:25:00 [WARNING] - Log message 64 from thread 1
2025-09-25 16:25:00 [WARNING] - Log message 65 from thread 1
2025-09-25 16:25:00 [WARNING] - Log message 66 from thread 1
2025-09-25 16:25:00 [ERROR] - Log message 76 from thread 2
2025-09-25 16:25:00 [ERROR] - Log message 77 from thread 2
2025-09-25 16:25:00 [WARNING] - Log message 72 from thread 10
2025-09-25 16:25:00 [INFO] - Log message 70 from thread 9
2025-09-25 16:25:00 [WARNING] - Log message 73 from thread 10
2025-09-25 16:25:00 [WARNING] - Log message 81 from thread 7
2025-09-25 16:25:00 [WARNING] - Log message 74 from thread 10
2025-09-25 16:25:00 [WARNING] - Log message 59 from thread 4
2025-09-25 16:25:00 [WARNING] - Log message 75 from thread 10
2025-09-25 16:25:00 [WARNING] - Log message 76 from thread 10
2025-09-25 16:25:00 [WARNING] - Log message 77 from thread 10
2025-09-25 16:25:00 [WARNING] - Log message 78 from thread 10
2025-09-25 16:25:00 [WARNING] - Log message 79 from thread 10
2025-09-25 16:25:00 [WARNING] - Log message 60 from thread 4
2025-09-25 16:25:00 [WARNING] - Log message 61 from thread 4
2025-09-25 16:25:00 [WARNING] - Log message 62 from thread 4
2025-09-25 16:25:00 [WARNING] - Log message 63 from thread 4
2025-09-25 16:25:00 [ERROR] - Log message 78 from thread 2
2025-09-25 16:25:00 [ERROR] - Log message 79 from thread 2
2025-09-25 16:25:00 [ERROR] - Log message 89 from thread 5
2025-09-25 16:25:00 [WARNING] - Log message 82 from thread 7
2025-09-25 16:25:00 [WARNING] - Log message 83 from thread 7
2025-09-25 16:25:00 [WARNING] - Log message 80 from thread 10
2025-09-25 16:25:00 [WARNING] - Log message 81 from thread 10
2025-09-25 16:25:00 [WARNING] - Log message 82 from thread 10
2025-09-25 16:25:00 [WARNING] - Log message 83 from thread 10
2025-09-25 16:25:00 [WARNING] - Log message 84 from thread 10
2025-09-25 16:25:00 [INFO] - Log message 71 from thread 9
2025-09-25 16:25:00 [ERROR] - Log message 80 from thread 2
2025-09-25 16:25:00 [INFO] - Log message 72 from thread 9
2025-09-25 16:25:00 [ERROR] - Log message 90 from thread 5
2025-09-25 16:25:00 [ERROR] - Log message 62 from thread 8
2025-09-25 16:25:00 [ERROR] - Log message 91 from thread 5
2025-09-25 16:25:00 [ERROR] - Log message 92 from thread 5
2025-09-25 16:25:00 [ERROR] - Log message 93 from thread 5
2025-09-25 16:25:00 [ERROR] - Log message 94 from thread 5
2025-09-25 16:25:00 [ERROR] - Log message 95 from thread 5
2025-09-25 16:25:00 [ERROR] - Log message 96 from thread 5
2025-09-25 16:25:00 [ERROR] - Log message 97 from thread 5
2025-09-25 16:25:00 [ERROR] - Log message 98 from thread 5
2025-09-25 16:25:00 [ERROR] - Log message 99 from thread 5
2025-09-25 16:25:00 [WARNING] - Log message 85 from thread 10
2025-09-25 16:25:00 [WARNING] - Log message 86 from thread 10
2025-09-25 16:25:00 [WARNING] - Log message 87 from thread 10
2025-09-25 16:25:00 [WARNING] - Log message 88 from thread 10
2025-09-25 16:25:00 [WARNING] - Log message 89 from thread 10
2025-09-25 16:25:00 [WARNING] - Log message 90 from thread 10
2025-09-25 16:25:00 [ERROR] - Log message 63 from thread 8
2025-09-25 16:25:00 [ERROR] - Log message 64 from thread 8
2025-09-25 16:25:00 [ERROR] - Log message 65 from thread 8
2025-09-25 16:25:00 [ERROR] - Log message 66 from thread 8
2025-09-25 16:25:00 [ERROR] - Log message 67 from thread 8
2025-09-25 16:25:00 [ERROR] - Log message 68 from thread 8
2025-09-25 16:25:00 [ERROR] - Log message 69 from thread 8
2025-09-25 16:25:00 [INFO] - Log message 73 from thread 9
2025-09-25 16:25:00 [WARNING] - Log message 84 from thread 7
2025-09-25 16:25:00 [WARNING] - Log message 85 from thread 7
2025-09-25 16:25:00 [WARNING] - Log message 86 from thread 7
2025-09-25 16:25:00 [WARNING] - Log message 67 from thread 1
2025-09-25 16:25:00 [WARNING] - Log message 68 from thread 1
2025-09-25 16:25:00 [WARNING] - Log message 64 from thread 4
2025-09-25 16:25:00 [ERROR] - Log message 81 from thread 2
2025-09-25 16:25:00 [WARNING] - Log message 65 from thread 4
2025-09-25 16:25:00 [WARNING] - Log message 66 from thread 4
2025-09-25 16:25:00 [WARNING] - Log message 67 from thread 4
2025-09-25 16:25:00 [WARNING] - Log message 68 from thread 4
2025-09-25 16:25:00 [WARNING] - Log message 69 from thread 4
2025-09-25 16:25:00 [WARNING] - Log message 70 from thread 4
2025-09-25 16:25:00 [WARNING] - Log message 71 from thread 4
2025-09-25 16:25:00 [WARNING] - Log message 72 from thread 4
2025-09-25 16:25:00 [WARNING] - Log message 73 from thread 4
2025-09-25 16:25:00 [WARNING] - Log message 74 from thread 4
2025-09-25 16:25:00 [WARNING] - Log message 75 from thread 4
2025-09-25 16:25:00 [WARNING] - Log message 76 from thread 4
2025-09-25 16:25:00 [WARNING] - Log message 77 from thread 4
2025-09-25 16:25:00 [INFO] - Log message 74 from thread 9
2025-09-25 16:25:00 [WARNING] - Log message 91 from thread 10
2025-09-25 16:25:00 [WARNING] - Log message 92 from thread 10
2025-09-25 16:25:00 [WARNING] - Log message 93 from thread 10
2025-09-25 16:25:00 [WARNING] - Log message 94 from thread 10
2025-09-25 16:25:00 [WARNING] - Log message 95 from thread 10
2025-09-25 16:25:00 [WARNING] - Log message 96 from thread 10
2025-09-25 16:25:00 [WARNING] - Log message 97 from thread 10
2025-09-25 16:25:00 [WARNING] - Log message 98 from thread 10
2025-09-25 16:25:00 [WARNING] - Log message 99 from thread 10
2025-09-25 16:25:00 [WARNING] - Log message 87 from thread 7
2025-09-25 16:25:00 [WARNING] - Log message 88 from thread 7
2025-09-25 16:25:00 [WARNING] - Log message 69 from thread 1
2025-09-25 16:25:00 [ERROR] - Log message 82 from thread 2
2025-09-25 16:25:00 [ERROR] - Log message 83 from thread 2
2025-09-25 16:25:00 [ERROR] - Log message 84 from thread 2
2025-09-25 16:25:00 [WARNING] - Log message 78 from thread 4
2025-09-25 16:25:00 [WARNING] - Log message 79 from thread 4
2025-09-25 16:25:00 [WARNING] - Log message 80 from thread 4
2025-09-25 16:25:00 [WARNING] - Log message 81 from thread 4
2025-09-25 16:25:00 [WARNING] - Log message 82 from thread 4
2025-09-25 16:25:00 [WARNING] - Log message 83 from thread 4
2025-09-25 16:25:00 [WARNING] - Log message 84 from thread 4
2025-09-25 16:25:00 [WARNING] - Log message 89 from thread 7
2025-09-25 16:25:00 [WARNING] - Log message 90 from thread 7
2025-09-25 16:25:00 [WARNING] - Log message 91 from thread 7
2025-09-25 16:25:00 [WARNING] - Log message 92 from thread 7
2025-09-25 16:25:00 [WARNING] - Log message 93 from thread 7
2025-09-25 16:25:00 [WARNING] - Log message 94 from thread 7
2025-09-25 16:25:00 [WARNING] - Log message 95 from thread 7
2025-09-25 16:25:00 [WARNING] - Log message 85 from thread 4
2025-09-25 16:25:00 [WARNING] - Log message 70 from thread 1
2025-09-25 16:25:00 [WARNING] - Log message 86 from thread 4
2025-09-25 16:25:00 [ERROR] - Log message 70 from thread 8
2025-09-25 16:25:00 [WARNING] - Log message 87 from thread 4
2025-09-25 16:25:00 [INFO] - Log message 75 from thread 9
2025-09-25 16:25:00 [WARNING] - Log message 71 from thread 1
2025-09-25 16:25:00 [WARNING] - Log message 72 from thread 1
2025-09-25 16:25:00 [WARNING] - Log message 73 from thread 1
2025-09-25 16:25:00 [ERROR] - Log message 85 from thread 2
2025-09-25 16:25:00 [ERROR] - Log message 86 from thread 2
2025-09-25 16:25:00 [WARNING] - Log message 88 from thread 4
2025-09-25 16:25:00 [WARNING] - Log message 89 from thread 4
2025-09-25 16:25:00 [WARNING] - Log message 90 from thread 4
2025-09-25 16:25:00 [WARNING] - Log message 91 from thread 4
2025-09-25 16:25:00 [WARNING] - Log message 92 from thread 4
2025-09-25 16:25:00 [WARNING] - Log message 93 from thread 4
2025-09-25 16:25:00 [WARNING] - Log message 94 from thread 4
2025-09-25 16:25:00 [WARNING] - Log message 95 from thread 4
2025-09-25 16:25:00 [INFO] - Log message 76 from thread 9
2025-09-25 16:25:00 [WARNING] - Log message 74 from thread 1
2025-09-25 16:25:00 [WARNING] - Log message 75 from thread 1
2025-09-25 16:25:00 [WARNING] - Log message 76 from thread 1
2025-09-25 16:25:00 [WARNING] - Log message 77 from thread 1
2025-09-25 16:25:00 [WARNING] - Log message 96 from thread 4
2025-09-25 16:25:00 [WARNING] - Log message 97 from thread 4
2025-09-25 16:25:00 [WARNING] - Log message 98 from thread 4
2025-09-25 16:25:00 [INFO] - Log message 77 from thread 9
2025-09-25 16:25:00 [INFO] - Log message 78 from thread 9
2025-09-25 16:25:00 [INFO] - Log message 79 from thread 9
2025-09-25 16:25:00 [INFO] - Log message 80 from thread 9
2025-09-25 16:25:00 [INFO] - Log message 81 from thread 9
2025-09-25 16:25:00 [INFO] - Log message 82 from thread 9
2025-09-25 16:25:00 [INFO] - Log message 83 from thread 9
2025-09-25 16:25:00 [INFO] - Log message 84 from thread 9
2025-09-25 16:25:00 [INFO] - Log message 85 from thread 9
2025-09-25 16:25:00 [INFO] - Log message 86 from thread 9
2025-09-25 16:25:00 [INFO] - Log message 87 from thread 9
2025-09-25 16:25:00 [WARNING] - Log message 96 from thread 7
2025-09-25 16:25:00 [WARNING] - Log message 97 from thread 7
2025-09-25 16:25:00 [ERROR] - Log message 71 from thread 8
2025-09-25 16:25:00 [WARNING] - Log message 78 from thread 1
2025-09-25 16:25:00 [WARNING] - Log message 98 from thread 7
2025-09-25 16:25:00 [ERROR] - Log message 72 from thread 8
2025-09-25 16:25:00 [WARNING] - Log message 99 from thread 7
2025-09-25 16:25:00 [ERROR] - Log message 87 from thread 2
2025-09-25 16:25:00 [ERROR] - Log message 88 from thread 2
2025-09-25 16:25:00 [INFO] - Log message 88 from thread 9
2025-09-25 16:25:00 [ERROR] - Log message 89 from thread 2
2025-09-25 16:25:00 [INFO] - Log message 89 from thread 9
2025-09-25 16:25:00 [WARNING] - Log message 79 from thread 1
2025-09-25 16:25:00 [WARNING] - Log message 80 from thread 1
2025-09-25 16:25:00 [WARNING] - Log message 99 from thread 4
2025-09-25 16:25:00 [ERROR] - Log message 90 from thread 2
2025-09-25 16:25:00 [ERROR] - Log message 91 from thread 2
2025-09-25 16:25:00 [ERROR] - Log message 92 from thread 2
2025-09-25 16:25:00 [ERROR] - Log message 93 from thread 2
2025-09-25 16:25:00 [ERROR] - Log message 94 from thread 2
2025-09-25 16:25:00 [ERROR] - Log message 95 from thread 2
2025-09-25 16:25:00 [ERROR] - Log message 96 from thread 2
2025-09-25 16:25:00 [ERROR] - Log message 73 from thread 8
2025-09-25 16:25:00 [ERROR] - Log message 74 from thread 8
2025-09-25 16:25:00 [ERROR] - Log message 75 from thread 8
2025-09-25 16:25:00 [ERROR] - Log message 76 from thread 8
2025-09-25 16:25:00 [ERROR] - Log message 77 from thread 8
2025-09-25 16:25:00 [ERROR] - Log message 78 from thread 8
2025-09-25 16:25:00 [ERROR] - Log message 79 from thread 8
2025-09-25 16:25:00 [ERROR] - Log message 80 from thread 8
2025-09-25 16:25:00 [ERROR] - Log message 81 from thread 8
2025-09-25 16:25:00 [ERROR] - Log message 82 from thread 8
2025-09-25 16:25:00 [ERROR] - Log message 83 from thread 8
2025-09-25 16:25:00 [ERROR] - Log message 84 from thread 8
2025-09-25 16:25:00 [ERROR] - Log message 85 from thread 8
2025-09-25 16:25:00 [ERROR] - Log message 86 from thread 8
2025-09-25 16:25:00 [ERROR] - Log message 87 from thread 8
2025-09-25 16:25:00 [ERROR] - Log message 88 from thread 8
2025-09-25 16:25:00 [ERROR] - Log message 89 from thread 8
2025-09-25 16:25:00 [ERROR] - Log message 90 from thread 8
2025-09-25 16:25:00 [INFO] - Log message 90 from thread 9
2025-09-25 16:25:00 [WARNING] - Log message 81 from thread 1
2025-09-25 16:25:00 [WARNING] - Log message 82 from thread 1
2025-09-25 16:25:00 [INFO] - Log message 91 from thread 9
2025-09-25 16:25:00 [ERROR] - Log message 91 from thread 8
2025-09-25 16:25:00 [INFO] - Log message 92 from thread 9
2025-09-25 16:25:00 [WARNING] - Log message 83 from thread 1
2025-09-25 16:25:00 [INFO] - Log message 93 from thread 9
2025-09-25 16:25:00 [ERROR] - Log message 92 from thread 8
2025-09-25 16:25:00 [INFO] - Log message 94 from thread 9
2025-09-25 16:25:00 [WARNING] - Log message 84 from thread 1
2025-09-25 16:25:00 [INFO] - Log message 95 from thread 9
2025-09-25 16:25:00 [ERROR] - Log message 93 from thread 8
2025-09-25 16:25:00 [INFO] - Log message 96 from thread 9
2025-09-25 16:25:00 [ERROR] - Log message 97 from thread 2
2025-09-25 16:25:00 [ERROR] - Log message 98 from thread 2
2025-09-25 16:25:00 [ERROR] - Log message 99 from thread 2
2025-09-25 16:25:00 [INFO] - Log message 97 from thread 9
2025-09-25 16:25:00 [INFO] - Log message 98 from thread 9
2025-09-25 16:25:00 [INFO] - Log message 99 from thread 9
2025-09-25 16:25:00 [ERROR] - Log message 94 from thread 8
2025-09-25 16:25:00 [ERROR] - Log message 95 from thread 8
2025-09-25 16:25:00 [ERROR] - Log message 96 from thread 8
2025-09-25 16:25:00 [ERROR] - Log message 97 from thread 8
2025-09-25 16:25:00 [ERROR] - Log message 98 from thread 8
2025-09-25 16:25:00 [ERROR] - Log message 99 from thread 8
2025-09-25 16:25:00 [WARNING] - Log message 85 from thread 1
2025-09-25 16:25:00 [WARNING] - Log message 86 from thread 1
2025-09-25 16:25:00 [WARNING] - Log message 87 from thread 1
2025-09-25 16:25:00 [WARNING] - Log message 88 from thread 1
2025-09-25 16:25:00 [WARNING] - Log message 89 from thread 1
2025-09-25 16:25:00 [WARNING] - Log message 90 from thread 1
2025-09-25 16:25:00 [WARNING] - Log message 91 from thread 1
2025-09-25 16:25:00 [WARNING] - Log message 92 from thread 1
2025-09-25 16:25:00 [WARNING] - Log message 93 from thread 1
2025-09-25 16:25:00 [WARNING] - Log message 94 from thread 1
2025-09-25 16:25:00 [WARNING] - Log message 95 from thread 1
2025-09-25 16:25:00 [WARNING] - Log message 96 from thread 1
2025-09-25 16:25:00 [WARNING] - Log message 97 from thread 1
2025-09-25 16:25:00 [WARNING] - Log message 98 from thread 1
2025-09-25 16:25:00 [WARNING] - Log message 99 from thread 1
